******************************************************************************
                  TI ARM Linker PC v20.2.7                     
******************************************************************************
>> Linked Sat Dec 10 12:37:42 2022

OUTPUT FILE NAME:   <project_esd.out>
ENTRY POINT SYMBOL: "_c_int00_noargs"  address: 00002b71


MEMORY CONFIGURATION

         name            origin    length      used     unused   attr    fill
----------------------  --------  ---------  --------  --------  ----  --------
  MAIN                  00000000   00040000  000039fb  0003c605  R  X
  INFO                  00200000   00004000  00000000  00004000  R  X
  SRAM_CODE             01000000   00010000  00000e09  0000f1f7  RW X
  SRAM_DATA             20000000   00010000  00000e09  0000f1f7  RW  


SEGMENT ALLOCATION MAP

run origin  load origin   length   init length attrs members
----------  ----------- ---------- ----------- ----- -------
00000000    00000000    00003a00   00003a00    r-x
  00000000    00000000    000000e4   000000e4    r-- .intvecs
  000000e4    000000e4    00002be8   00002be8    r-x .text
  00002ccc    00002ccc    00000cf7   00000cf7    r-- .const
  000039c8    000039c8    00000038   00000038    r-- .cinit
20000000    20000000    00000c09   00000000    rw-
  20000000    20000000    00000800   00000000    rw- .bss
  20000800    20000800    00000409   00000000    rw- .data
2000fe00    2000fe00    00000200   00000000    rw-
  2000fe00    2000fe00    00000200   00000000    rw- .stack


SECTION ALLOCATION MAP

 output                                  attributes/
section   page    origin      length       input sections
--------  ----  ----------  ----------   ----------------
.intvecs   0    00000000    000000e4     
                  00000000    000000e4     startup_msp432p401r_ccs.obj (.intvecs:retain)

.text      0    000000e4    00002be8     
                  000000e4    00000a4e     rtsv7M4_T_le_v4SPD16_eabi.lib : _printfi.c.obj (.text:__TI_printfi)
                  00000b32    00000002                                   : div0.asm.obj (.text)
                  00000b34    000003b0     oled.obj (.text)
                  00000ee4    00000334     system_msp432p401r.obj (.text)
                  00001218    00000270     rtsv7M4_T_le_v4SPD16_eabi.lib : _printfi.c.obj (.text:_pconv_a)
                  00001488    00000224     main.obj (.text)
                  000016ac    000001d0     rtsv7M4_T_le_v4SPD16_eabi.lib : _printfi.c.obj (.text:_pconv_g)
                  0000187c    000001b6                                   : fd_add_t2.asm.obj (.text)
                  00001a32    00000002     --HOLE-- [fill = 0]
                  00001a34    0000013c                                   : _printfi.c.obj (.text:_pconv_e)
                  00001b70    00000136                                   : fd_div_t2.asm.obj (.text)
                  00001ca6    00000002     --HOLE-- [fill = 0]
                  00001ca8    00000124                                   : _printfi.c.obj (.text:fcvt)
                  00001dcc    00000110                                   : s_scalbn.c.obj (.text:scalbn)
                  00001edc    0000010c     command_process.obj (.text)
                  00001fe8    000000fc     rtsv7M4_T_le_v4SPD16_eabi.lib : fd_mul_t2.asm.obj (.text)
                  000020e4    000000f8     i2c_ops.obj (.text)
                  000021dc    000000f0     pwm_init.obj (.text)
                  000022cc    000000c4     uart_gps.obj (.text)
                  00002390    000000b1     rtsv7M4_T_le_v4SPD16_eabi.lib : _printfi.c.obj (.text:_ltostr)
                  00002441    00000001     --HOLE-- [fill = 0]
                  00002442    0000009c                                   : memcpy_t2.asm.obj (.text)
                  000024de    00000002     --HOLE-- [fill = 0]
                  000024e0    00000098     motor.obj (.text)
                  00002578    00000096     rtsv7M4_T_le_v4SPD16_eabi.lib : ull_div_t2.asm.obj (.text)
                  0000260e    00000086                                   : fd_cmp_t2.asm.obj (.text:__aeabi_cdcmple)
                  00002694    00000086                                   : fd_cmp_t2.asm.obj (.text:__aeabi_cdrcmple)
                  0000271a    0000007a                                   : memset_t2.asm.obj (.text)
                  00002794    0000006e                                   : _printfi.c.obj (.text:_mcpy)
                  00002802    00000068                                   : copy_decompress_lzss.c.obj (.text:decompress:lzss:__TI_decompress_lzss)
                  0000286a    00000002     --HOLE-- [fill = 0]
                  0000286c    00000064                                   : s_frexp.c.obj (.text:frexp)
                  000028d0    00000056                                   : _printfi.c.obj (.text:_pconv_f)
                  00002926    00000054                                   : _ltoa.c.obj (.text:__TI_ltoa)
                  0000297a    00000052                                   : _printfi.c.obj (.text:_ecpy)
                  000029cc    0000004c                                   : atoi.c.obj (.text:atoi)
                  00002a18    0000004c     ir_sensor.obj (.text)
                  00002a64    00000048     rtsv7M4_T_le_v4SPD16_eabi.lib : fd_toi_t2.asm.obj (.text)
                  00002aac    00000044                                   : autoinit.c.obj (.text:__TI_auto_init_nobinit_nopinit:__TI_auto_init_nobinit_nopinit)
                  00002af0    00000040                                   : sprintf.c.obj (.text:sprintf)
                  00002b30    0000003e                                   : _printfi.c.obj (.text:_fcpy)
                  00002b6e    00000002     --HOLE-- [fill = 0]
                  00002b70    00000034                                   : boot_cortex_m.c.obj (.text:_c_int00_noargs:_c_int00_noargs)
                  00002ba4    0000002e                                   : i_tofd_t2.asm.obj (.text)
                  00002bd2    0000002e                                   : strcasecmp.c.obj (.text:strcasecmp)
                  00002c00    0000001c                                   : memccpy.c.obj (.text:memccpy)
                  00002c1c    0000001a                                   : s_copysign.c.obj (.text:copysign)
                  00002c36    00000018                                   : sprintf.c.obj (.text:_outs)
                  00002c4e    00000016                                   : strchr.c.obj (.text:strchr)
                  00002c64    00000014                                   : strlen.c.obj (.text:strlen)
                  00002c78    00000012                                   : wcslen.c.obj (.text:wcslen)
                  00002c8a    0000000e                                   : copy_decompress_none.c.obj (.text:decompress:none:__TI_decompress_none)
                  00002c98    0000000e     startup_msp432p401r_ccs.obj (.text)
                  00002ca6    0000000c     rtsv7M4_T_le_v4SPD16_eabi.lib : copy_zero_init.c.obj (.text:decompress:ZI:__TI_zero_init)
                  00002cb2    0000000a                                   : sprintf.c.obj (.text:_outc)
                  00002cbc    00000008                                   : errno.c.obj (.text:__aeabi_errno_addr)
                  00002cc4    00000004                                   : pre_init.c.obj (.text:_system_pre_init)
                  00002cc8    00000004                                   : exit.c.obj (.text:abort:abort)

.const     0    00002ccc    00000cf7     
                  00002ccc    000005f0     oled.obj (.const:$P$T0$1)
                  000032bc    000005f0     oled.obj (.const:$P$T1$2)
                  000038ac    00000101     rtsv7M4_T_le_v4SPD16_eabi.lib : ctype.c.obj (.const:.string:_ctypes_)
                  000039ad    00000010     main.obj (.const:.string:$P$T0$1)
                  000039bd    00000006     main.obj (.const:.string:$P$T1$2)

.cinit     0    000039c8    00000038     
                  000039c8    0000000e     (.cinit..data.load) [load image, compression = lzss]
                  000039d6    00000002     --HOLE-- [fill = 0]
                  000039d8    0000000c     (__TI_handler_table)
                  000039e4    00000004     --HOLE-- [fill = 0]
                  000039e8    00000008     (.cinit..bss.load) [load image, compression = zero_init]
                  000039f0    00000010     (__TI_cinit_table)

.init_array 
*          0    00000000    00000000     UNINITIALIZED

.binit     0    00000000    00000000     

.bss       0    20000000    00000800     UNINITIALIZED
                  20000000    00000400     (.common:LOGO_ARR)
                  20000400    00000400     (.common:TEXT_ARR)

.data      0    20000800    00000409     UNINITIALIZED
                  20000800    00000400     oled.obj (.data:clr_data)
                  20000c00    00000004     rtsv7M4_T_le_v4SPD16_eabi.lib : errno.c.obj (.data)
                  20000c04    00000004     system_msp432p401r.obj (.data)
                  20000c08    00000001     main.obj (.data)

.stack     0    2000fe00    00000200     UNINITIALIZED
                  2000fe00    00000004     rtsv7M4_T_le_v4SPD16_eabi.lib : boot_cortex_m.c.obj (.stack)
                  2000fe04    000001fc     --HOLE--

__llvm_prf_cnts 
*          0    20000000    00000000     UNINITIALIZED

MODULE SUMMARY

       Module                        code    ro data   rw data
       ------                        ----    -------   -------
    .\
       oled.obj                      944     3040      2048   
       main.obj                      548     22        4098   
       system_msp432p401r.obj        820     0         8      
       command_process.obj           268     0         0      
       i2c_ops.obj                   248     0         0      
       startup_msp432p401r_ccs.obj   14      228       0      
       pwm_init.obj                  240     0         0      
       uart_gps.obj                  196     0         0      
       motor.obj                     152     0         0      
       ir_sensor.obj                 76      0         0      
    +--+-----------------------------+-------+---------+---------+
       Total:                        3506    3290      6154   
                                                              
    C:\ti\ccs1210\ccs\tools\compiler\ti-cgt-arm_20.2.7.LTS\lib\rtsv7M4_T_le_v4SPD16_eabi.lib
       _printfi.c.obj                4851    0         0      
       fd_add_t2.asm.obj             438     0         0      
       fd_div_t2.asm.obj             310     0         0      
       s_scalbn.c.obj                272     0         0      
       fd_cmp_t2.asm.obj             268     0         0      
       ctype.c.obj                   0       257       0      
       fd_mul_t2.asm.obj             252     0         0      
       memcpy_t2.asm.obj             156     0         0      
       ull_div_t2.asm.obj            150     0         0      
       memset_t2.asm.obj             122     0         0      
       copy_decompress_lzss.c.obj    104     0         0      
       s_frexp.c.obj                 100     0         0      
       sprintf.c.obj                 98      0         0      
       _ltoa.c.obj                   84      0         0      
       atoi.c.obj                    76      0         0      
       fd_toi_t2.asm.obj             72      0         0      
       autoinit.c.obj                68      0         0      
       boot_cortex_m.c.obj           52      0         0      
       i_tofd_t2.asm.obj             46      0         0      
       strcasecmp.c.obj              46      0         0      
       memccpy.c.obj                 28      0         0      
       s_copysign.c.obj              26      0         0      
       strchr.c.obj                  22      0         0      
       strlen.c.obj                  20      0         0      
       wcslen.c.obj                  18      0         0      
       errno.c.obj                   8       0         8      
       copy_decompress_none.c.obj    14      0         0      
       copy_zero_init.c.obj          12      0         0      
       exit.c.obj                    4       0         0      
       pre_init.c.obj                4       0         0      
       div0.asm.obj                  2       0         0      
    +--+-----------------------------+-------+---------+---------+
       Total:                        7723    257       8      
                                                              
       Stack:                        0       0         1024   
       Linker Generated:             0       50        0      
    +--+-----------------------------+-------+---------+---------+
       Grand Total:                  11229   3597      7186   


LINKER GENERATED COPY TABLES

__TI_cinit_table @ 000039f0 records: 2, size/record: 8, table size: 16
	.data: load addr=000039c8, load size=0000000e bytes, run addr=20000800, run size=00000409 bytes, compression=lzss
	.bss: load addr=000039e8, load size=00000008 bytes, run addr=20000000, run size=00000800 bytes, compression=zero_init


LINKER GENERATED HANDLER TABLE

__TI_handler_table @ 000039d8 records: 3, size/record: 4, table size: 12
	index: 0, handler: __TI_decompress_lzss
	index: 1, handler: __TI_decompress_none
	index: 2, handler: __TI_zero_init


GLOBAL SYMBOLS: SORTED ALPHABETICALLY BY Name 

address   name                          
-------   ----                          
00002ca5  ADC14_IRQHandler              
00002ca5  AES256_IRQHandler             
00002ca5  BusFault_Handler              
00002cc9  C$$EXIT                       
00002ca5  COMP_E0_IRQHandler            
00002ca5  COMP_E1_IRQHandler            
000022cd  CS_Config                     
00002ca5  CS_IRQHandler                 
00002ca5  DMA_ERR_IRQHandler            
00002ca5  DMA_INT0_IRQHandler           
00002ca5  DMA_INT1_IRQHandler           
00002ca5  DMA_INT2_IRQHandler           
00002ca5  DMA_INT3_IRQHandler           
00002ca5  DebugMon_Handler              
00002ca5  Default_Handler               
00000d11  Display_Logo                  
00002ca5  EUSCIA0_IRQHandler            
00002ca5  EUSCIA1_IRQHandler            
00002ca5  EUSCIA2_IRQHandler            
00002ca5  EUSCIA3_IRQHandler            
00002ca5  EUSCIB0_IRQHandler            
00002ca5  EUSCIB1_IRQHandler            
00002ca5  EUSCIB2_IRQHandler            
00002ca5  EUSCIB3_IRQHandler            
00002ca5  FLCTL_IRQHandler              
00002ca5  FPU_IRQHandler                
00002ca5  HardFault_Handler             
20000000  LOGO_ARR                      
00002ca5  MemManage_Handler             
00002ca5  NMI_Handler                   
00002ca5  PCM_IRQHandler                
00002ca5  PORT1_IRQHandler              
00002ca5  PORT2_IRQHandler              
00002ca5  PORT3_IRQHandler              
00002ca5  PORT4_IRQHandler              
00002ca5  PORT5_IRQHandler              
00002ca5  PORT6_IRQHandler              
00002ca5  PSS_IRQHandler                
00002ca5  PendSV_Handler                
00002ca5  RTC_C_IRQHandler              
00002c99  Reset_Handler                 
00002ca5  SVC_Handler                   
00002ca5  SysTick_Handler               
20000c04  SystemCoreClock               
00000ee5  SystemCoreClockUpdate         
0000115d  SystemInit                    
00002ca5  T32_INT1_IRQHandler           
00002ca5  T32_INT2_IRQHandler           
00002ca5  T32_INTC_IRQHandler           
00002ca5  TA0_0_IRQHandler              
00002ca5  TA0_N_IRQHandler              
00002ca5  TA1_0_IRQHandler              
00002ca5  TA1_N_IRQHandler              
00002ca5  TA2_0_IRQHandler              
00002ca5  TA2_N_IRQHandler              
00002ca5  TA3_0_IRQHandler              
00002ca5  TA3_N_IRQHandler              
20000400  TEXT_ARR                      
00002ca5  UsageFault_Handler            
4000480c  WDTCTL_SYM                    
00002ca5  WDT_A_IRQHandler              
20010000  __STACK_END                   
00000200  __STACK_SIZE                  
000039f0  __TI_CINIT_Base               
00003a00  __TI_CINIT_Limit              
000039d8  __TI_Handler_Table_Base       
000039e4  __TI_Handler_Table_Limit      
00002aad  __TI_auto_init_nobinit_nopinit
00002803  __TI_decompress_lzss          
00002c8b  __TI_decompress_none          
00002927  __TI_ltoa                     
ffffffff  __TI_pprof_out_hndl           
000000e5  __TI_printfi                  
ffffffff  __TI_prof_data_size           
ffffffff  __TI_prof_data_start          
00000000  __TI_static_base__            
00002ca7  __TI_zero_init                
0000260f  __aeabi_cdcmpeq               
0000260f  __aeabi_cdcmple               
00002695  __aeabi_cdrcmple              
00002a65  __aeabi_d2iz                  
00001887  __aeabi_dadd                  
00001b71  __aeabi_ddiv                  
00001fe9  __aeabi_dmul                  
0000187d  __aeabi_dsub                  
00002cbd  __aeabi_errno_addr            
00002ba5  __aeabi_i2d                   
00000b33  __aeabi_idiv0                 
00000b33  __aeabi_ldiv0                 
0000271b  __aeabi_memclr                
0000271b  __aeabi_memclr4               
0000271b  __aeabi_memclr8               
00002443  __aeabi_memcpy                
00002443  __aeabi_memcpy4               
00002443  __aeabi_memcpy8               
0000271d  __aeabi_memset                
0000271d  __aeabi_memset4               
0000271d  __aeabi_memset8               
00002579  __aeabi_uldivmod              
ffffffff  __binit__                     
ffffffff  __c_args__                    
UNDEFED   __mpu_init                    
2000fe00  __stack                       
20000000  __start___llvm_prf_cnts       
20000000  __stop___llvm_prf_cnts        
00002b71  _c_int00_noargs               
000038ac  _ctypes_                      
UNDEFED   _system_post_cinit            
00002cc5  _system_pre_init              
00002cc9  abort                         
000029cd  atoi                          
ffffffff  binit                         
20000800  clr_data                      
00002c1d  copysign                      
00002c1d  copysignl                     
00002267  delayMs                       
00000d93  display_clear                 
00000b4d  display_logos                 
00000d89  display_off                   
00000ddb  display_on                    
00000c7b  draw                          
00000d4f  draw_line                     
20000c00  errno                         
0000286d  frexp                         
0000286d  frexpl                        
000020e5  i2c_init                      
0000212b  i2c_send                      
00002a19  init_ir_sensor                
00000000  interruptVectors              
00001dcd  ldexp                         
00001dcd  ldexpl                        
00001489  main                          
00002c01  memccpy                       
00002443  memcpy                        
00002723  memset                        
00000d9d  msdelay                       
00000b35  oled_init                     
0000222d  portRemap                     
00001edd  process_command               
000021dd  pwm_init                      
20000c08  recd_rxchar                   
00001dcd  scalbn                        
00001dcd  scalbnl                       
00000bdf  sendCommand                   
00000c01  sendData                      
00000df1  setupOLED                     
00002af1  sprintf                       
000024e1  start_motor                   
0000252d  stop_motor                    
00002bd3  strcasecmp                    
00002c4f  strchr                        
00002c65  strlen                        
000022f3  uart0_init                    
00002325  uart2_init                    
00002c79  wcslen                        
00000c43  write_display                 


GLOBAL SYMBOLS: SORTED BY Symbol Address 

address   name                          
-------   ----                          
00000000  __TI_static_base__            
00000000  interruptVectors              
000000e5  __TI_printfi                  
00000200  __STACK_SIZE                  
00000b33  __aeabi_idiv0                 
00000b33  __aeabi_ldiv0                 
00000b35  oled_init                     
00000b4d  display_logos                 
00000bdf  sendCommand                   
00000c01  sendData                      
00000c43  write_display                 
00000c7b  draw                          
00000d11  Display_Logo                  
00000d4f  draw_line                     
00000d89  display_off                   
00000d93  display_clear                 
00000d9d  msdelay                       
00000ddb  display_on                    
00000df1  setupOLED                     
00000ee5  SystemCoreClockUpdate         
0000115d  SystemInit                    
00001489  main                          
0000187d  __aeabi_dsub                  
00001887  __aeabi_dadd                  
00001b71  __aeabi_ddiv                  
00001dcd  ldexp                         
00001dcd  ldexpl                        
00001dcd  scalbn                        
00001dcd  scalbnl                       
00001edd  process_command               
00001fe9  __aeabi_dmul                  
000020e5  i2c_init                      
0000212b  i2c_send                      
000021dd  pwm_init                      
0000222d  portRemap                     
00002267  delayMs                       
000022cd  CS_Config                     
000022f3  uart0_init                    
00002325  uart2_init                    
00002443  __aeabi_memcpy                
00002443  __aeabi_memcpy4               
00002443  __aeabi_memcpy8               
00002443  memcpy                        
000024e1  start_motor                   
0000252d  stop_motor                    
00002579  __aeabi_uldivmod              
0000260f  __aeabi_cdcmpeq               
0000260f  __aeabi_cdcmple               
00002695  __aeabi_cdrcmple              
0000271b  __aeabi_memclr                
0000271b  __aeabi_memclr4               
0000271b  __aeabi_memclr8               
0000271d  __aeabi_memset                
0000271d  __aeabi_memset4               
0000271d  __aeabi_memset8               
00002723  memset                        
00002803  __TI_decompress_lzss          
0000286d  frexp                         
0000286d  frexpl                        
00002927  __TI_ltoa                     
000029cd  atoi                          
00002a19  init_ir_sensor                
00002a65  __aeabi_d2iz                  
00002aad  __TI_auto_init_nobinit_nopinit
00002af1  sprintf                       
00002b71  _c_int00_noargs               
00002ba5  __aeabi_i2d                   
00002bd3  strcasecmp                    
00002c01  memccpy                       
00002c1d  copysign                      
00002c1d  copysignl                     
00002c4f  strchr                        
00002c65  strlen                        
00002c79  wcslen                        
00002c8b  __TI_decompress_none          
00002c99  Reset_Handler                 
00002ca5  ADC14_IRQHandler              
00002ca5  AES256_IRQHandler             
00002ca5  BusFault_Handler              
00002ca5  COMP_E0_IRQHandler            
00002ca5  COMP_E1_IRQHandler            
00002ca5  CS_IRQHandler                 
00002ca5  DMA_ERR_IRQHandler            
00002ca5  DMA_INT0_IRQHandler           
00002ca5  DMA_INT1_IRQHandler           
00002ca5  DMA_INT2_IRQHandler           
00002ca5  DMA_INT3_IRQHandler           
00002ca5  DebugMon_Handler              
00002ca5  Default_Handler               
00002ca5  EUSCIA0_IRQHandler            
00002ca5  EUSCIA1_IRQHandler            
00002ca5  EUSCIA2_IRQHandler            
00002ca5  EUSCIA3_IRQHandler            
00002ca5  EUSCIB0_IRQHandler            
00002ca5  EUSCIB1_IRQHandler            
00002ca5  EUSCIB2_IRQHandler            
00002ca5  EUSCIB3_IRQHandler            
00002ca5  FLCTL_IRQHandler              
00002ca5  FPU_IRQHandler                
00002ca5  HardFault_Handler             
00002ca5  MemManage_Handler             
00002ca5  NMI_Handler                   
00002ca5  PCM_IRQHandler                
00002ca5  PORT1_IRQHandler              
00002ca5  PORT2_IRQHandler              
00002ca5  PORT3_IRQHandler              
00002ca5  PORT4_IRQHandler              
00002ca5  PORT5_IRQHandler              
00002ca5  PORT6_IRQHandler              
00002ca5  PSS_IRQHandler                
00002ca5  PendSV_Handler                
00002ca5  RTC_C_IRQHandler              
00002ca5  SVC_Handler                   
00002ca5  SysTick_Handler               
00002ca5  T32_INT1_IRQHandler           
00002ca5  T32_INT2_IRQHandler           
00002ca5  T32_INTC_IRQHandler           
00002ca5  TA0_0_IRQHandler              
00002ca5  TA0_N_IRQHandler              
00002ca5  TA1_0_IRQHandler              
00002ca5  TA1_N_IRQHandler              
00002ca5  TA2_0_IRQHandler              
00002ca5  TA2_N_IRQHandler              
00002ca5  TA3_0_IRQHandler              
00002ca5  TA3_N_IRQHandler              
00002ca5  UsageFault_Handler            
00002ca5  WDT_A_IRQHandler              
00002ca7  __TI_zero_init                
00002cbd  __aeabi_errno_addr            
00002cc5  _system_pre_init              
00002cc9  C$$EXIT                       
00002cc9  abort                         
000038ac  _ctypes_                      
000039d8  __TI_Handler_Table_Base       
000039e4  __TI_Handler_Table_Limit      
000039f0  __TI_CINIT_Base               
00003a00  __TI_CINIT_Limit              
20000000  LOGO_ARR                      
20000000  __start___llvm_prf_cnts       
20000000  __stop___llvm_prf_cnts        
20000400  TEXT_ARR                      
20000800  clr_data                      
20000c00  errno                         
20000c04  SystemCoreClock               
20000c08  recd_rxchar                   
2000fe00  __stack                       
20010000  __STACK_END                   
4000480c  WDTCTL_SYM                    
ffffffff  __TI_pprof_out_hndl           
ffffffff  __TI_prof_data_size           
ffffffff  __TI_prof_data_start          
ffffffff  __binit__                     
ffffffff  __c_args__                    
ffffffff  binit                         
UNDEFED   __mpu_init                    
UNDEFED   _system_post_cinit            

[156 symbols]
